[     274ms] [WARNING] [HMR] Invalid message: {"action":"isrManifest","data":{"/about":true,"/contact":true,"/changelog":true,"/resources":true,"/essays":true,"/context":true,"/companies":true,"/localhost":true,"/companies/coconut":true,"/_next/static/webpack/a9274d96aac81f28.webpack.hot-update.json":true,"/_next/static/chunks/main-app.js":true,"/_next/static/chunks/app-pages-internals.js":true,"/_next/static/chunks/app/page.js":true}}
TypeError: Cannot read properties of undefined (reading '__N_SSP')
    at handleStaticIndicator (webpack-internal:///(pages-dir-browser)/./node_modules/next/dist/client/components/react-dev-overlay/pages/hot-reloader-client.js:229:124)
    at processMessage (webpack-internal:///(pages-dir-browser)/./node_modules/next/dist/client/components/react-dev-overlay/pages/hot-reloader-client.js:244:17)
    at eval (webpack-internal:///(pages-dir-browser)/./node_modules/next/dist/client/components/react-dev-overlay/pages/hot-reloader-client.js:70:13)
    at WebSocket.handleMessage (webpack-internal:///(pages-dir-browser)/./node_modules/next/dist/client/components/react-dev-overlay/pages/websocket.js:65:17) @ webpack-internal:///(pages-dir-browser)/./node_modules/next/dist/client/components/react-dev-overlay/pages/hot-reloader-client.js:72
[     306ms] [WARNING] [HMR] Invalid message: {"action":"isrManifest","data":{"/about":true,"/contact":true,"/changelog":true,"/resources":true,"/essays":true,"/context":true,"/companies":true,"/localhost":true,"/companies/coconut":true,"/_next/static/webpack/a9274d96aac81f28.webpack.hot-update.json":true,"/_next/static/chunks/main-app.js":true,"/_next/static/chunks/app-pages-internals.js":true,"/_next/static/chunks/app/page.js":true}}
TypeError: Cannot read properties of undefined (reading '__N_SSP')
    at handleStaticIndicator (webpack-internal:///(pages-dir-browser)/./node_modules/next/dist/client/components/react-dev-overlay/pages/hot-reloader-client.js:229:124)
    at processMessage (webpack-internal:///(pages-dir-browser)/./node_modules/next/dist/client/components/react-dev-overlay/pages/hot-reloader-client.js:244:17)
    at eval (webpack-internal:///(pages-dir-browser)/./node_modules/next/dist/client/components/react-dev-overlay/pages/hot-reloader-client.js:70:13)
    at WebSocket.handleMessage (webpack-internal:///(pages-dir-browser)/./node_modules/next/dist/client/components/react-dev-overlay/pages/websocket.js:65:17) @ webpack-internal:///(pages-dir-browser)/./node_modules/next/dist/client/components/react-dev-overlay/pages/hot-reloader-client.js:72
[     313ms] [ERROR] Failed to load resource: the server responded with a status of 500 (Internal Server Error) @ http://localhost:3000/:0
[     517ms] Error: ENOENT: no such file or directory, open '/Users/lobby/Desktop/apps/portfolio/.next/server/pages/_document.js'
    at Object.readFileSync (node:fs:448:20)
    at getMaybeCachedSource (node:internal/modules/cjs/loader:1492:18)
    at Module._extensions..js (node:internal/modules/cjs/loader:1504:19)
    at Module.load (node:internal/modules/cjs/loader:1288:32)
    at Module._load (node:internal/modules/cjs/loader:1104:12)
    at Module.require (node:internal/modules/cjs/loader:1311:19)
    at mod.require (file:///Users/lobby/Desktop/apps/portfolio/node_modules/next/dist/server/require-hook.js:65:28)
    at require (node:internal/modules/helpers:179:18)
    at requirePage (file:///Users/lobby/Desktop/apps/portfolio/node_modules/next/dist/server/require.js:103:84)
    at loadComponentsImpl (file:///Users/lobby/Desktop/apps/portfolio/node_modules/next/dist/server/load-components.js:85:38)
    at DevServer.findPageComponentsImpl (file:///Users/lobby/Desktop/apps/portfolio/node_modules/next/dist/server/next-server.js:808:77)
    at <unknown> (file:///Users/lobby/Desktop/apps/portfolio/node_modules/next/dist/server/next-server.js:786:21)
    at <unknown> (file:///Users/lobby/Desktop/apps/portfolio/node_modules/next/dist/server/lib/trace/tracer.js:169:36)
    at NoopContextManager.with (file:///Users/lobby/Desktop/apps/portfolio/node_modules/next/dist/compiled/@opentelemetry/api/index.js:1:7062)
    at ContextAPI.with (file:///Users/lobby/Desktop/apps/portfolio/node_modules/next/dist/compiled/@opentelemetry/api/index.js:1:518)
    at NoopTracer.startActiveSpan (file:///Users/lobby/Desktop/apps/portfolio/node_modules/next/dist/compiled/@opentelemetry/api/index.js:1:18093)
    at ProxyTracer.startActiveSpan (file:///Users/lobby/Desktop/apps/portfolio/node_modules/next/dist/compiled/@opentelemetry/api/index.js:1:18854)
    at <unknown> (file:///Users/lobby/Desktop/apps/portfolio/node_modules/next/dist/server/lib/trace/tracer.js:151:103)
    at NoopContextManager.with (file:///Users/lobby/Desktop/apps/portfolio/node_modules/next/dist/compiled/@opentelemetry/api/index.js:1:7062)
    at ContextAPI.with (file:///Users/lobby/Desktop/apps/portfolio/node_modules/next/dist/compiled/@opentelemetry/api/index.js:1:518)
    at NextTracerImpl.trace (file:///Users/lobby/Desktop/apps/portfolio/node_modules/next/dist/server/lib/trace/tracer.js:151:28)
    at DevServer.findPageComponents (file:///Users/lobby/Desktop/apps/portfolio/node_modules/next/dist/server/next-server.js:781:41)
    at DevServer.findPageComponents (file:///Users/lobby/Desktop/apps/portfolio/node_modules/next/dist/server/dev/next-dev-server.js:628:28)
    at async DevServer.renderErrorToResponseImpl (file:///Users/lobby/Desktop/apps/portfolio/node_modules/next/dist/server/base-server.js:2604:26)
    at async pipe.req.req (file:///Users/lobby/Desktop/apps/portfolio/node_modules/next/dist/server/base-server.js:2526:30)
    at async DevServer.pipeImpl (file:///Users/lobby/Desktop/apps/portfolio/node_modules/next/dist/server/base-server.js:1003:25)
    at async NextNodeServer.handleCatchallRenderRequest (file:///Users/lobby/Desktop/apps/portfolio/node_modules/next/dist/server/next-server.js:319:21)
    at async DevServer.handleRequestImpl (file:///Users/lobby/Desktop/apps/portfolio/node_modules/next/dist/server/base-server.js:895:17)
    at async (file:///Users/lobby/Desktop/apps/portfolio/node_modules/next/dist/server/dev/next-dev-server.js:371:20)
    at async Span.traceAsyncFn (file:///Users/lobby/Desktop/apps/portfolio/node_modules/next/dist/trace/trace.js:157:20)
    at async DevServer.handleRequest (file:///Users/lobby/Desktop/apps/portfolio/node_modules/next/dist/server/dev/next-dev-server.js:368:24)
    at async invokeRender (file:///Users/lobby/Desktop/apps/portfolio/node_modules/next/dist/server/lib/router-server.js:235:21)
    at async handleRequest (file:///Users/lobby/Desktop/apps/portfolio/node_modules/next/dist/server/lib/router-server.js:426:24)
    at async requestHandlerImpl (file:///Users/lobby/Desktop/apps/portfolio/node_modules/next/dist/server/lib/router-server.js:450:13)
    at async Server.requestListener (file:///Users/lobby/Desktop/apps/portfolio/node_modules/next/dist/server/lib/start-server.js:158:13)
[     516ms] [WARNING] [HMR] Invalid message: {"action":"isrManifest","data":{"/about":true,"/contact":true,"/changelog":true,"/resources":true,"/essays":true,"/context":true,"/companies":true,"/localhost":true,"/companies/coconut":true,"/_next/static/webpack/a9274d96aac81f28.webpack.hot-update.json":true,"/_next/static/chunks/main-app.js":true,"/_next/static/chunks/app-pages-internals.js":true,"/_next/static/chunks/app/page.js":true}}
TypeError: Cannot read properties of undefined (reading '__N_SSP')
    at handleStaticIndicator (webpack-internal:///(pages-dir-browser)/./node_modules/next/dist/client/components/react-dev-overlay/pages/hot-reloader-client.js:229:124)
    at processMessage (webpack-internal:///(pages-dir-browser)/./node_modules/next/dist/client/components/react-dev-overlay/pages/hot-reloader-client.js:244:17)
    at eval (webpack-internal:///(pages-dir-browser)/./node_modules/next/dist/client/components/react-dev-overlay/pages/hot-reloader-client.js:70:13)
    at WebSocket.handleMessage (webpack-internal:///(pages-dir-browser)/./node_modules/next/dist/client/components/react-dev-overlay/pages/websocket.js:65:17) @ webpack-internal:///(pages-dir-browser)/./node_modules/next/dist/client/components/react-dev-overlay/pages/hot-reloader-client.js:72
[     719ms] [WARNING] [HMR] Invalid message: {"action":"isrManifest","data":{"/about":true,"/contact":true,"/changelog":true,"/resources":true,"/essays":true,"/context":true,"/companies":true,"/localhost":true,"/companies/coconut":true,"/_next/static/webpack/a9274d96aac81f28.webpack.hot-update.json":true,"/_next/static/chunks/main-app.js":true,"/_next/static/chunks/app-pages-internals.js":true,"/_next/static/chunks/app/page.js":true}}
TypeError: Cannot read properties of undefined (reading '__N_SSP')
    at handleStaticIndicator (webpack-internal:///(pages-dir-browser)/./node_modules/next/dist/client/components/react-dev-overlay/pages/hot-reloader-client.js:229:124)
    at processMessage (webpack-internal:///(pages-dir-browser)/./node_modules/next/dist/client/components/react-dev-overlay/pages/hot-reloader-client.js:244:17)
    at eval (webpack-internal:///(pages-dir-browser)/./node_modules/next/dist/client/components/react-dev-overlay/pages/hot-reloader-client.js:70:13)
    at WebSocket.handleMessage (webpack-internal:///(pages-dir-browser)/./node_modules/next/dist/client/components/react-dev-overlay/pages/websocket.js:65:17) @ webpack-internal:///(pages-dir-browser)/./node_modules/next/dist/client/components/react-dev-overlay/pages/hot-reloader-client.js:72
[     723ms] [ERROR] Failed to load resource: the server responded with a status of 500 (Internal Server Error) @ http://localhost:3000/_next/static/webpack/aa167a3ac9a06ddc.webpack.hot-update.json:0
[     723ms] [WARNING] [Fast Refresh] performing full reload

Fast Refresh will perform a full reload when you edit a file that's imported by modules outside of the React rendering tree.
You might have a file which exports a React component but also exports a value that is imported by a non-React component file.
Consider migrating the non-React component export to a separate file and importing it into both files.

It is also possible the parent component of the component you edited is a class component, which disables Fast Refresh.
Fast Refresh requires at least one parent function component in your React tree. @ webpack-internal:///(pages-dir-browser)/./node_modules/next/dist/client/components/react-dev-overlay/pages/hot-reloader-client.js:390
[     757ms] [WARNING] [HMR] Invalid message: {"action":"isrManifest","data":{"/about":true,"/contact":true,"/changelog":true,"/resources":true,"/essays":true,"/context":true,"/companies":true,"/localhost":true,"/companies/coconut":true,"/_next/static/webpack/a9274d96aac81f28.webpack.hot-update.json":true,"/_next/static/chunks/main-app.js":true,"/_next/static/chunks/app-pages-internals.js":true,"/_next/static/chunks/app/page.js":true}}
TypeError: Cannot read properties of undefined (reading '__N_SSP')
    at handleStaticIndicator (webpack-internal:///(pages-dir-browser)/./node_modules/next/dist/client/components/react-dev-overlay/pages/hot-reloader-client.js:229:124)
    at processMessage (webpack-internal:///(pages-dir-browser)/./node_modules/next/dist/client/components/react-dev-overlay/pages/hot-reloader-client.js:244:17)
    at eval (webpack-internal:///(pages-dir-browser)/./node_modules/next/dist/client/components/react-dev-overlay/pages/hot-reloader-client.js:70:13)
    at WebSocket.handleMessage (webpack-internal:///(pages-dir-browser)/./node_modules/next/dist/client/components/react-dev-overlay/pages/websocket.js:65:17) @ webpack-internal:///(pages-dir-browser)/./node_modules/next/dist/client/components/react-dev-overlay/pages/hot-reloader-client.js:72
[     878ms] [ERROR] Failed to load resource: the server responded with a status of 500 (Internal Server Error) @ http://localhost:3000/favicon.ico:0
[    1182ms] [WARNING] [HMR] Invalid message: {"action":"isrManifest","data":{"/about":true,"/contact":true,"/changelog":true,"/resources":true,"/essays":true,"/context":true,"/companies":true,"/localhost":true,"/companies/coconut":true,"/_next/static/webpack/a9274d96aac81f28.webpack.hot-update.json":true,"/_next/static/chunks/main-app.js":true,"/_next/static/chunks/app-pages-internals.js":true,"/_next/static/chunks/app/page.js":true}}
TypeError: Cannot read properties of undefined (reading '__N_SSP')
    at handleStaticIndicator (webpack-internal:///(pages-dir-browser)/./node_modules/next/dist/client/components/react-dev-overlay/pages/hot-reloader-client.js:229:124)
    at processMessage (webpack-internal:///(pages-dir-browser)/./node_modules/next/dist/client/components/react-dev-overlay/pages/hot-reloader-client.js:244:17)
    at eval (webpack-internal:///(pages-dir-browser)/./node_modules/next/dist/client/components/react-dev-overlay/pages/hot-reloader-client.js:70:13)
    at WebSocket.handleMessage (webpack-internal:///(pages-dir-browser)/./node_modules/next/dist/client/components/react-dev-overlay/pages/websocket.js:65:17) @ webpack-internal:///(pages-dir-browser)/./node_modules/next/dist/client/components/react-dev-overlay/pages/hot-reloader-client.js:72
[    1220ms] [WARNING] [HMR] Invalid message: {"action":"isrManifest","data":{"/about":true,"/contact":true,"/changelog":true,"/resources":true,"/essays":true,"/context":true,"/companies":true,"/localhost":true,"/companies/coconut":true,"/_next/static/webpack/a9274d96aac81f28.webpack.hot-update.json":true,"/_next/static/chunks/main-app.js":true,"/_next/static/chunks/app-pages-internals.js":true,"/_next/static/chunks/app/page.js":true}}
TypeError: Cannot read properties of undefined (reading '__N_SSP')
    at handleStaticIndicator (webpack-internal:///(pages-dir-browser)/./node_modules/next/dist/client/components/react-dev-overlay/pages/hot-reloader-client.js:229:124)
    at processMessage (webpack-internal:///(pages-dir-browser)/./node_modules/next/dist/client/components/react-dev-overlay/pages/hot-reloader-client.js:244:17)
    at eval (webpack-internal:///(pages-dir-browser)/./node_modules/next/dist/client/components/react-dev-overlay/pages/hot-reloader-client.js:70:13)
    at WebSocket.handleMessage (webpack-internal:///(pages-dir-browser)/./node_modules/next/dist/client/components/react-dev-overlay/pages/websocket.js:65:17) @ webpack-internal:///(pages-dir-browser)/./node_modules/next/dist/client/components/react-dev-overlay/pages/hot-reloader-client.js:72
[    1224ms] [ERROR] Failed to load resource: the server responded with a status of 500 (Internal Server Error) @ http://localhost:3000/:0
