[    1329ms] Error: Minified React error #418; visit https://reactjs.org/docs/error-decoder.html?invariant=418 for the full message or use the non-minified dev environment for full errors and additional helpful warnings.
    at pa (https://posthog.com/app-3d7028bc28179a09dd3a.js:2:1768263)
    at Ks (https://posthog.com/app-3d7028bc28179a09dd3a.js:2:1803608)
    at xc (https://posthog.com/app-3d7028bc28179a09dd3a.js:2:1828468)
    at bc (https://posthog.com/app-3d7028bc28179a09dd3a.js:2:1828208)
    at yc (https://posthog.com/app-3d7028bc28179a09dd3a.js:2:1828075)
    at gc (https://posthog.com/app-3d7028bc28179a09dd3a.js:2:1827938)
    at oc (https://posthog.com/app-3d7028bc28179a09dd3a.js:2:1823101)
    at _ (https://posthog.com/app-3d7028bc28179a09dd3a.js:2:3956719)
    at MessagePort.T (https://posthog.com/app-3d7028bc28179a09dd3a.js:2:3957251)
[    1354ms] Error: Minified React error #418; visit https://reactjs.org/docs/error-decoder.html?invariant=418 for the full message or use the non-minified dev environment for full errors and additional helpful warnings.
    at ua (https://posthog.com/app-3d7028bc28179a09dd3a.js:2:1767803)
    at kl (https://posthog.com/app-3d7028bc28179a09dd3a.js:2:1840589)
    at bc (https://posthog.com/app-3d7028bc28179a09dd3a.js:2:1828147)
    at yc (https://posthog.com/app-3d7028bc28179a09dd3a.js:2:1828075)
    at gc (https://posthog.com/app-3d7028bc28179a09dd3a.js:2:1827938)
    at oc (https://posthog.com/app-3d7028bc28179a09dd3a.js:2:1823101)
    at _ (https://posthog.com/app-3d7028bc28179a09dd3a.js:2:3956719)
    at MessagePort.T (https://posthog.com/app-3d7028bc28179a09dd3a.js:2:3957251)
[    1354ms] Error: Minified React error #418; visit https://reactjs.org/docs/error-decoder.html?invariant=418 for the full message or use the non-minified dev environment for full errors and additional helpful warnings.
    at ua (https://posthog.com/app-3d7028bc28179a09dd3a.js:2:1767803)
    at kl (https://posthog.com/app-3d7028bc28179a09dd3a.js:2:1840589)
    at bc (https://posthog.com/app-3d7028bc28179a09dd3a.js:2:1828147)
    at yc (https://posthog.com/app-3d7028bc28179a09dd3a.js:2:1828075)
    at gc (https://posthog.com/app-3d7028bc28179a09dd3a.js:2:1827938)
    at oc (https://posthog.com/app-3d7028bc28179a09dd3a.js:2:1823101)
    at _ (https://posthog.com/app-3d7028bc28179a09dd3a.js:2:3956719)
    at MessagePort.T (https://posthog.com/app-3d7028bc28179a09dd3a.js:2:3957251)
[    1355ms] Error: Minified React error #418; visit https://reactjs.org/docs/error-decoder.html?invariant=418 for the full message or use the non-minified dev environment for full errors and additional helpful warnings.
    at ua (https://posthog.com/app-3d7028bc28179a09dd3a.js:2:1767803)
    at kl (https://posthog.com/app-3d7028bc28179a09dd3a.js:2:1840589)
    at bc (https://posthog.com/app-3d7028bc28179a09dd3a.js:2:1828147)
    at yc (https://posthog.com/app-3d7028bc28179a09dd3a.js:2:1828075)
    at gc (https://posthog.com/app-3d7028bc28179a09dd3a.js:2:1827938)
    at oc (https://posthog.com/app-3d7028bc28179a09dd3a.js:2:1823101)
    at _ (https://posthog.com/app-3d7028bc28179a09dd3a.js:2:3956719)
    at MessagePort.T (https://posthog.com/app-3d7028bc28179a09dd3a.js:2:3957251)
[    1355ms] Error: Minified React error #418; visit https://reactjs.org/docs/error-decoder.html?invariant=418 for the full message or use the non-minified dev environment for full errors and additional helpful warnings.
    at ua (https://posthog.com/app-3d7028bc28179a09dd3a.js:2:1767803)
    at kl (https://posthog.com/app-3d7028bc28179a09dd3a.js:2:1840589)
    at bc (https://posthog.com/app-3d7028bc28179a09dd3a.js:2:1828147)
    at yc (https://posthog.com/app-3d7028bc28179a09dd3a.js:2:1828075)
    at gc (https://posthog.com/app-3d7028bc28179a09dd3a.js:2:1827938)
    at oc (https://posthog.com/app-3d7028bc28179a09dd3a.js:2:1823101)
    at _ (https://posthog.com/app-3d7028bc28179a09dd3a.js:2:3956719)
    at MessagePort.T (https://posthog.com/app-3d7028bc28179a09dd3a.js:2:3957251)
[    1355ms] Error: Minified React error #418; visit https://reactjs.org/docs/error-decoder.html?invariant=418 for the full message or use the non-minified dev environment for full errors and additional helpful warnings.
    at ua (https://posthog.com/app-3d7028bc28179a09dd3a.js:2:1767803)
    at kl (https://posthog.com/app-3d7028bc28179a09dd3a.js:2:1840589)
    at bc (https://posthog.com/app-3d7028bc28179a09dd3a.js:2:1828147)
    at yc (https://posthog.com/app-3d7028bc28179a09dd3a.js:2:1828075)
    at gc (https://posthog.com/app-3d7028bc28179a09dd3a.js:2:1827938)
    at oc (https://posthog.com/app-3d7028bc28179a09dd3a.js:2:1823101)
    at _ (https://posthog.com/app-3d7028bc28179a09dd3a.js:2:3956719)
    at MessagePort.T (https://posthog.com/app-3d7028bc28179a09dd3a.js:2:3957251)
[    1356ms] Error: Minified React error #418; visit https://reactjs.org/docs/error-decoder.html?invariant=418 for the full message or use the non-minified dev environment for full errors and additional helpful warnings.
    at ua (https://posthog.com/app-3d7028bc28179a09dd3a.js:2:1767803)
    at kl (https://posthog.com/app-3d7028bc28179a09dd3a.js:2:1840589)
    at bc (https://posthog.com/app-3d7028bc28179a09dd3a.js:2:1828147)
    at yc (https://posthog.com/app-3d7028bc28179a09dd3a.js:2:1828075)
    at gc (https://posthog.com/app-3d7028bc28179a09dd3a.js:2:1827938)
    at oc (https://posthog.com/app-3d7028bc28179a09dd3a.js:2:1823101)
    at _ (https://posthog.com/app-3d7028bc28179a09dd3a.js:2:3956719)
    at MessagePort.T (https://posthog.com/app-3d7028bc28179a09dd3a.js:2:3957251)
[    1356ms] Error: Minified React error #418; visit https://reactjs.org/docs/error-decoder.html?invariant=418 for the full message or use the non-minified dev environment for full errors and additional helpful warnings.
    at ua (https://posthog.com/app-3d7028bc28179a09dd3a.js:2:1767803)
    at kl (https://posthog.com/app-3d7028bc28179a09dd3a.js:2:1840589)
    at bc (https://posthog.com/app-3d7028bc28179a09dd3a.js:2:1828147)
    at yc (https://posthog.com/app-3d7028bc28179a09dd3a.js:2:1828075)
    at gc (https://posthog.com/app-3d7028bc28179a09dd3a.js:2:1827938)
    at oc (https://posthog.com/app-3d7028bc28179a09dd3a.js:2:1823101)
    at _ (https://posthog.com/app-3d7028bc28179a09dd3a.js:2:3956719)
    at MessagePort.T (https://posthog.com/app-3d7028bc28179a09dd3a.js:2:3957251)
[    1357ms] Error: Minified React error #418; visit https://reactjs.org/docs/error-decoder.html?invariant=418 for the full message or use the non-minified dev environment for full errors and additional helpful warnings.
    at ua (https://posthog.com/app-3d7028bc28179a09dd3a.js:2:1767803)
    at kl (https://posthog.com/app-3d7028bc28179a09dd3a.js:2:1840589)
    at bc (https://posthog.com/app-3d7028bc28179a09dd3a.js:2:1828147)
    at yc (https://posthog.com/app-3d7028bc28179a09dd3a.js:2:1828075)
    at gc (https://posthog.com/app-3d7028bc28179a09dd3a.js:2:1827938)
    at oc (https://posthog.com/app-3d7028bc28179a09dd3a.js:2:1823101)
    at _ (https://posthog.com/app-3d7028bc28179a09dd3a.js:2:3956719)
    at MessagePort.T (https://posthog.com/app-3d7028bc28179a09dd3a.js:2:3957251)
[    1359ms] Error: Minified React error #423; visit https://reactjs.org/docs/error-decoder.html?invariant=423 for the full message or use the non-minified dev environment for full errors and additional helpful warnings.
    at kl (https://posthog.com/app-3d7028bc28179a09dd3a.js:2:1840275)
    at bc (https://posthog.com/app-3d7028bc28179a09dd3a.js:2:1828147)
    at yc (https://posthog.com/app-3d7028bc28179a09dd3a.js:2:1828075)
    at gc (https://posthog.com/app-3d7028bc28179a09dd3a.js:2:1827938)
    at ac (https://posthog.com/app-3d7028bc28179a09dd3a.js:2:1824773)
    at oc (https://posthog.com/app-3d7028bc28179a09dd3a.js:2:1823328)
    at _ (https://posthog.com/app-3d7028bc28179a09dd3a.js:2:3956719)
    at MessagePort.T (https://posthog.com/app-3d7028bc28179a09dd3a.js:2:3957251)
[   16574ms] [ERROR] Access to script at 'https://internal-c.posthog.com/static/product-tours.js?v=1.363.1' from origin 'https://posthog.com' has been blocked by CORS policy: No 'Access-Control-Allow-Origin' header is present on the requested resource. @ https://posthog.com/:0
[   16574ms] [ERROR] Failed to load resource: net::ERR_FAILED @ https://internal-c.posthog.com/static/product-tours.js?v=1.363.1:0
[  442524ms] Error: Minified React error #418; visit https://reactjs.org/docs/error-decoder.html?invariant=418 for the full message or use the non-minified dev environment for full errors and additional helpful warnings.
    at pa (https://posthog.com/app-03a8615680b3cd6a11e5.js:2:1768434)
    at Ks (https://posthog.com/app-03a8615680b3cd6a11e5.js:2:1803779)
    at xc (https://posthog.com/app-03a8615680b3cd6a11e5.js:2:1828639)
    at bc (https://posthog.com/app-03a8615680b3cd6a11e5.js:2:1828379)
    at yc (https://posthog.com/app-03a8615680b3cd6a11e5.js:2:1828246)
    at gc (https://posthog.com/app-03a8615680b3cd6a11e5.js:2:1828109)
    at oc (https://posthog.com/app-03a8615680b3cd6a11e5.js:2:1823272)
    at _ (https://posthog.com/app-03a8615680b3cd6a11e5.js:2:3959876)
    at MessagePort.T (https://posthog.com/app-03a8615680b3cd6a11e5.js:2:3960408)
[  442549ms] Error: Minified React error #418; visit https://reactjs.org/docs/error-decoder.html?invariant=418 for the full message or use the non-minified dev environment for full errors and additional helpful warnings.
    at ua (https://posthog.com/app-03a8615680b3cd6a11e5.js:2:1767974)
    at kl (https://posthog.com/app-03a8615680b3cd6a11e5.js:2:1840760)
    at bc (https://posthog.com/app-03a8615680b3cd6a11e5.js:2:1828318)
    at yc (https://posthog.com/app-03a8615680b3cd6a11e5.js:2:1828246)
    at gc (https://posthog.com/app-03a8615680b3cd6a11e5.js:2:1828109)
    at oc (https://posthog.com/app-03a8615680b3cd6a11e5.js:2:1823272)
    at _ (https://posthog.com/app-03a8615680b3cd6a11e5.js:2:3959876)
    at MessagePort.T (https://posthog.com/app-03a8615680b3cd6a11e5.js:2:3960408)
[  442558ms] Error: Minified React error #418; visit https://reactjs.org/docs/error-decoder.html?invariant=418 for the full message or use the non-minified dev environment for full errors and additional helpful warnings.
    at ua (https://posthog.com/app-03a8615680b3cd6a11e5.js:2:1767974)
    at kl (https://posthog.com/app-03a8615680b3cd6a11e5.js:2:1840760)
    at bc (https://posthog.com/app-03a8615680b3cd6a11e5.js:2:1828318)
    at yc (https://posthog.com/app-03a8615680b3cd6a11e5.js:2:1828246)
    at gc (https://posthog.com/app-03a8615680b3cd6a11e5.js:2:1828109)
    at oc (https://posthog.com/app-03a8615680b3cd6a11e5.js:2:1823272)
    at _ (https://posthog.com/app-03a8615680b3cd6a11e5.js:2:3959876)
    at MessagePort.T (https://posthog.com/app-03a8615680b3cd6a11e5.js:2:3960408)
[  442560ms] Error: Minified React error #418; visit https://reactjs.org/docs/error-decoder.html?invariant=418 for the full message or use the non-minified dev environment for full errors and additional helpful warnings.
    at ua (https://posthog.com/app-03a8615680b3cd6a11e5.js:2:1767974)
    at kl (https://posthog.com/app-03a8615680b3cd6a11e5.js:2:1840760)
    at bc (https://posthog.com/app-03a8615680b3cd6a11e5.js:2:1828318)
    at yc (https://posthog.com/app-03a8615680b3cd6a11e5.js:2:1828246)
    at gc (https://posthog.com/app-03a8615680b3cd6a11e5.js:2:1828109)
    at oc (https://posthog.com/app-03a8615680b3cd6a11e5.js:2:1823272)
    at _ (https://posthog.com/app-03a8615680b3cd6a11e5.js:2:3959876)
    at MessagePort.T (https://posthog.com/app-03a8615680b3cd6a11e5.js:2:3960408)
[  442561ms] Error: Minified React error #418; visit https://reactjs.org/docs/error-decoder.html?invariant=418 for the full message or use the non-minified dev environment for full errors and additional helpful warnings.
    at ua (https://posthog.com/app-03a8615680b3cd6a11e5.js:2:1767974)
    at kl (https://posthog.com/app-03a8615680b3cd6a11e5.js:2:1840760)
    at bc (https://posthog.com/app-03a8615680b3cd6a11e5.js:2:1828318)
    at yc (https://posthog.com/app-03a8615680b3cd6a11e5.js:2:1828246)
    at gc (https://posthog.com/app-03a8615680b3cd6a11e5.js:2:1828109)
    at oc (https://posthog.com/app-03a8615680b3cd6a11e5.js:2:1823272)
    at _ (https://posthog.com/app-03a8615680b3cd6a11e5.js:2:3959876)
    at MessagePort.T (https://posthog.com/app-03a8615680b3cd6a11e5.js:2:3960408)
[  442582ms] Error: Minified React error #418; visit https://reactjs.org/docs/error-decoder.html?invariant=418 for the full message or use the non-minified dev environment for full errors and additional helpful warnings.
    at ua (https://posthog.com/app-03a8615680b3cd6a11e5.js:2:1767974)
    at kl (https://posthog.com/app-03a8615680b3cd6a11e5.js:2:1840760)
    at bc (https://posthog.com/app-03a8615680b3cd6a11e5.js:2:1828318)
    at yc (https://posthog.com/app-03a8615680b3cd6a11e5.js:2:1828246)
    at gc (https://posthog.com/app-03a8615680b3cd6a11e5.js:2:1828109)
    at oc (https://posthog.com/app-03a8615680b3cd6a11e5.js:2:1823272)
    at _ (https://posthog.com/app-03a8615680b3cd6a11e5.js:2:3959876)
    at MessagePort.T (https://posthog.com/app-03a8615680b3cd6a11e5.js:2:3960408)
[  442611ms] Error: Minified React error #418; visit https://reactjs.org/docs/error-decoder.html?invariant=418 for the full message or use the non-minified dev environment for full errors and additional helpful warnings.
    at ua (https://posthog.com/app-03a8615680b3cd6a11e5.js:2:1767974)
    at kl (https://posthog.com/app-03a8615680b3cd6a11e5.js:2:1840760)
    at bc (https://posthog.com/app-03a8615680b3cd6a11e5.js:2:1828318)
    at yc (https://posthog.com/app-03a8615680b3cd6a11e5.js:2:1828246)
    at gc (https://posthog.com/app-03a8615680b3cd6a11e5.js:2:1828109)
    at oc (https://posthog.com/app-03a8615680b3cd6a11e5.js:2:1823272)
    at _ (https://posthog.com/app-03a8615680b3cd6a11e5.js:2:3959876)
    at MessagePort.T (https://posthog.com/app-03a8615680b3cd6a11e5.js:2:3960408)
[  442641ms] Error: Minified React error #418; visit https://reactjs.org/docs/error-decoder.html?invariant=418 for the full message or use the non-minified dev environment for full errors and additional helpful warnings.
    at ua (https://posthog.com/app-03a8615680b3cd6a11e5.js:2:1767974)
    at kl (https://posthog.com/app-03a8615680b3cd6a11e5.js:2:1840760)
    at bc (https://posthog.com/app-03a8615680b3cd6a11e5.js:2:1828318)
    at yc (https://posthog.com/app-03a8615680b3cd6a11e5.js:2:1828246)
    at gc (https://posthog.com/app-03a8615680b3cd6a11e5.js:2:1828109)
    at oc (https://posthog.com/app-03a8615680b3cd6a11e5.js:2:1823272)
    at _ (https://posthog.com/app-03a8615680b3cd6a11e5.js:2:3959876)
    at MessagePort.T (https://posthog.com/app-03a8615680b3cd6a11e5.js:2:3960408)
[  442665ms] Error: Minified React error #418; visit https://reactjs.org/docs/error-decoder.html?invariant=418 for the full message or use the non-minified dev environment for full errors and additional helpful warnings.
    at ua (https://posthog.com/app-03a8615680b3cd6a11e5.js:2:1767974)
    at kl (https://posthog.com/app-03a8615680b3cd6a11e5.js:2:1840760)
    at bc (https://posthog.com/app-03a8615680b3cd6a11e5.js:2:1828318)
    at yc (https://posthog.com/app-03a8615680b3cd6a11e5.js:2:1828246)
    at gc (https://posthog.com/app-03a8615680b3cd6a11e5.js:2:1828109)
    at oc (https://posthog.com/app-03a8615680b3cd6a11e5.js:2:1823272)
    at _ (https://posthog.com/app-03a8615680b3cd6a11e5.js:2:3959876)
    at MessagePort.T (https://posthog.com/app-03a8615680b3cd6a11e5.js:2:3960408)
[  442665ms] Error: Minified React error #418; visit https://reactjs.org/docs/error-decoder.html?invariant=418 for the full message or use the non-minified dev environment for full errors and additional helpful warnings.
    at ua (https://posthog.com/app-03a8615680b3cd6a11e5.js:2:1767974)
    at kl (https://posthog.com/app-03a8615680b3cd6a11e5.js:2:1840760)
    at bc (https://posthog.com/app-03a8615680b3cd6a11e5.js:2:1828318)
    at yc (https://posthog.com/app-03a8615680b3cd6a11e5.js:2:1828246)
    at gc (https://posthog.com/app-03a8615680b3cd6a11e5.js:2:1828109)
    at oc (https://posthog.com/app-03a8615680b3cd6a11e5.js:2:1823272)
    at _ (https://posthog.com/app-03a8615680b3cd6a11e5.js:2:3959876)
    at MessagePort.T (https://posthog.com/app-03a8615680b3cd6a11e5.js:2:3960408)
[  442666ms] Error: Minified React error #423; visit https://reactjs.org/docs/error-decoder.html?invariant=423 for the full message or use the non-minified dev environment for full errors and additional helpful warnings.
    at kl (https://posthog.com/app-03a8615680b3cd6a11e5.js:2:1840446)
    at bc (https://posthog.com/app-03a8615680b3cd6a11e5.js:2:1828318)
    at yc (https://posthog.com/app-03a8615680b3cd6a11e5.js:2:1828246)
    at gc (https://posthog.com/app-03a8615680b3cd6a11e5.js:2:1828109)
    at ac (https://posthog.com/app-03a8615680b3cd6a11e5.js:2:1824944)
    at oc (https://posthog.com/app-03a8615680b3cd6a11e5.js:2:1823499)
    at _ (https://posthog.com/app-03a8615680b3cd6a11e5.js:2:3959876)
    at MessagePort.T (https://posthog.com/app-03a8615680b3cd6a11e5.js:2:3960408)
[  508917ms] [ERROR] Failed to load resource: the server responded with a status of 404 () @ https://posthog.com/docs/product-analytics.md:0
