[  103838ms] [ERROR] Failed to load resource: net::ERR_NAME_NOT_RESOLVED @ https://logo.clearbit.com/talentcapital.co.uk:0
[  103838ms] [ERROR] Failed to load resource: net::ERR_NAME_NOT_RESOLVED @ https://logo.clearbit.com/zadig-am.com:0
[  289540ms] [ERROR] Failed to load resource: net::ERR_NAME_NOT_RESOLVED @ https://logo.clearbit.com/devpost.com:0
[  289540ms] [ERROR] Failed to load resource: net::ERR_NAME_NOT_RESOLVED @ https://logo.clearbit.com/bolt.new:0
[  289540ms] [ERROR] Failed to load resource: net::ERR_NAME_NOT_RESOLVED @ https://logo.clearbit.com/google.com:0
[  289540ms] [ERROR] Failed to load resource: net::ERR_NAME_NOT_RESOLVED @ https://logo.clearbit.com/lablab.ai:0
[  291487ms] [ERROR] Failed to load resource: net::ERR_NAME_NOT_RESOLVED @ https://logo.clearbit.com/zadig-am.com:0
[  291487ms] [ERROR] Failed to load resource: net::ERR_NAME_NOT_RESOLVED @ https://logo.clearbit.com/talentcapital.co.uk:0
[  294428ms] [ERROR] Failed to load resource: net::ERR_NAME_NOT_RESOLVED @ https://logo.clearbit.com/devpost.com:0
[  294428ms] [ERROR] Failed to load resource: net::ERR_NAME_NOT_RESOLVED @ https://logo.clearbit.com/lablab.ai:0
[  294428ms] [ERROR] Failed to load resource: net::ERR_NAME_NOT_RESOLVED @ https://logo.clearbit.com/bolt.new:0
[  294433ms] [ERROR] Failed to load resource: net::ERR_NAME_NOT_RESOLVED @ https://logo.clearbit.com/google.com:0
[  295250ms] [ERROR] Failed to load resource: net::ERR_NAME_NOT_RESOLVED @ https://logo.clearbit.com/talentcapital.co.uk:0
[  295250ms] [ERROR] Failed to load resource: net::ERR_NAME_NOT_RESOLVED @ https://logo.clearbit.com/zadig-am.com:0
[  372013ms] [ERROR] Failed to load resource: net::ERR_NAME_NOT_RESOLVED @ https://logo.clearbit.com/devpost.com:0
[  372013ms] [ERROR] Failed to load resource: net::ERR_NAME_NOT_RESOLVED @ https://logo.clearbit.com/bolt.new:0
[  372013ms] [ERROR] Failed to load resource: net::ERR_NAME_NOT_RESOLVED @ https://logo.clearbit.com/google.com:0
[  372013ms] [ERROR] Failed to load resource: net::ERR_NAME_NOT_RESOLVED @ https://logo.clearbit.com/lablab.ai:0
[  408109ms] [ERROR] Failed to load resource: net::ERR_NAME_NOT_RESOLVED @ https://logo.clearbit.com/zadig-am.com:0
[  408109ms] [ERROR] Failed to load resource: net::ERR_NAME_NOT_RESOLVED @ https://logo.clearbit.com/talentcapital.co.uk:0
[  410172ms] [ERROR] Failed to load resource: net::ERR_NAME_NOT_RESOLVED @ https://logo.clearbit.com/devpost.com:0
[  410172ms] [ERROR] Failed to load resource: net::ERR_NAME_NOT_RESOLVED @ https://logo.clearbit.com/bolt.new:0
[  410172ms] [ERROR] Failed to load resource: net::ERR_NAME_NOT_RESOLVED @ https://logo.clearbit.com/google.com:0
[  410172ms] [ERROR] Failed to load resource: net::ERR_NAME_NOT_RESOLVED @ https://logo.clearbit.com/lablab.ai:0
[  410790ms] [ERROR] Failed to load resource: net::ERR_NAME_NOT_RESOLVED @ https://logo.clearbit.com/harvard.edu:0
[  455867ms] [ERROR] Failed to load resource: net::ERR_TIMED_OUT @ https://archive.org/download/m_covers_0010/m_covers_0010_67.zip/0010679828-M.jpg:0
[  455868ms] [ERROR] Failed to load resource: net::ERR_TIMED_OUT @ https://archive.org/download/m_covers_0008/m_covers_0008_62.zip/0008625150-M.jpg:0
[  455868ms] [ERROR] Failed to load resource: net::ERR_TIMED_OUT @ https://archive.org/download/m_covers_0009/m_covers_0009_67.zip/0009670355-M.jpg:0
[  455868ms] [ERROR] Failed to load resource: net::ERR_TIMED_OUT @ https://archive.org/download/m_covers_0008/m_covers_0008_19.zip/0008193589-M.jpg:0
[  455868ms] [ERROR] Failed to load resource: net::ERR_TIMED_OUT @ https://archive.org/download/m_covers_0008/m_covers_0008_31.zip/0008315603-M.jpg:0
[  455869ms] [ERROR] Failed to load resource: net::ERR_TIMED_OUT @ https://archive.org/download/m_covers_0014/m_covers_0014_54.zip/0014548353-M.jpg:0
[  455869ms] [ERROR] Failed to load resource: net::ERR_TIMED_OUT @ https://archive.org/download/m_covers_0010/m_covers_0010_82.zip/0010826961-M.jpg:0
[  455869ms] [ERROR] Failed to load resource: net::ERR_TIMED_OUT @ https://archive.org/download/m_covers_0014/m_covers_0014_61.zip/0014614080-M.jpg:0
[  455869ms] [ERROR] Failed to load resource: net::ERR_TIMED_OUT @ https://archive.org/download/m_covers_0009/m_covers_0009_78.zip/0009783116-M.jpg:0
[  455869ms] [ERROR] Failed to load resource: net::ERR_TIMED_OUT @ https://archive.org/download/m_covers_0013/m_covers_0013_26.zip/0013268433-M.jpg:0
[  455869ms] [ERROR] Failed to load resource: net::ERR_TIMED_OUT @ https://archive.org/download/m_covers_0008/m_covers_0008_81.zip/0008814155-M.jpg:0
[  455870ms] [ERROR] Failed to load resource: net::ERR_TIMED_OUT @ https://archive.org/download/m_covers_0011/m_covers_0011_69.zip/0011696666-M.jpg:0
[  455870ms] [ERROR] Failed to load resource: net::ERR_TIMED_OUT @ https://archive.org/download/m_covers_0008/m_covers_0008_14.zip/0008142523-M.jpg:0
[  455870ms] [ERROR] Failed to load resource: net::ERR_TIMED_OUT @ https://archive.org/download/m_covers_0012/m_covers_0012_83.zip/0012833491-M.jpg:0
[  455870ms] [ERROR] Failed to load resource: net::ERR_TIMED_OUT @ https://archive.org/download/m_covers_0012/m_covers_0012_19.zip/0012197034-M.jpg:0
[  455870ms] [ERROR] Failed to load resource: net::ERR_TIMED_OUT @ https://archive.org/download/m_covers_0008/m_covers_0008_40.zip/0008407360-M.jpg:0
[  455870ms] [ERROR] Failed to load resource: net::ERR_TIMED_OUT @ https://archive.org/download/m_covers_0013/m_covers_0013_09.zip/0013090265-M.jpg:0
[  455870ms] [ERROR] Failed to load resource: net::ERR_TIMED_OUT @ https://archive.org/download/m_covers_0013/m_covers_0013_09.zip/0013091151-M.jpg:0
[  455870ms] [ERROR] Failed to load resource: net::ERR_TIMED_OUT @ https://archive.org/download/m_covers_0013/m_covers_0013_18.zip/0013187768-M.jpg:0
[  455871ms] [ERROR] Failed to load resource: net::ERR_TIMED_OUT @ https://archive.org/download/m_covers_0010/m_covers_0010_18.zip/0010181233-M.jpg:0
[  455871ms] [ERROR] Failed to load resource: net::ERR_TIMED_OUT @ https://archive.org/download/m_covers_0011/m_covers_0011_00.zip/0011003348-M.jpg:0
[  455871ms] [ERROR] Failed to load resource: net::ERR_TIMED_OUT @ https://archive.org/download/m_covers_0008/m_covers_0008_73.zip/0008734461-M.jpg:0
[  455871ms] [ERROR] Failed to load resource: net::ERR_TIMED_OUT @ https://archive.org/download/m_covers_0014/m_covers_0014_68.zip/0014684186-M.jpg:0
[  455871ms] [ERROR] Failed to load resource: net::ERR_TIMED_OUT @ https://archive.org/download/m_covers_0010/m_covers_0010_95.zip/0010956018-M.jpg:0
[  455871ms] [ERROR] Failed to load resource: net::ERR_TIMED_OUT @ https://archive.org/download/m_covers_0013/m_covers_0013_12.zip/0013127776-M.jpg:0
[  455871ms] [ERROR] Failed to load resource: net::ERR_TIMED_OUT @ https://archive.org/download/m_covers_0010/m_covers_0010_21.zip/0010217634-M.jpg:0
